optseq2
dev
NoSearch  = 0
nSearch  = 50000
nKeep    = 60
PctUpdate  = 10.000000
nCB1Opt  = 0
seed     = 926602
Ntp  = 230
TR   = 1.75
TPreScan   = 0
PSD Window   = 0 17.5 0.25
nEvTypes = 2
EvNo    Label Duration nRepsNom
 1  imagestim  9.000   14
 2  videostim 14.000   14
PctVarEvReps = 0
VarEvRepsPerCond = 0
PolyOrder = -1
tNullMax = -1
tNullMin = 1
AR1 = 0
No refractory penalty
Cost = eff
OutStem = Experion
Summary File = Experion.sum

Pct nSrch MinSrch Cost Eff Cb1Err VRFAvg VRFStd VRFMin VRFMax VRFRange nSince

BeginUpdateLog
 0       2     0.0   2.82883e-08  2.82883e-08  0.1071  1.46701  0.975786  8.42937e-08  4  4 1938.8 0
 1     623     0.1   0.00834271  0.00834271  0.0357  1.57244  0.789624  0.222222  3  2.77778 1942.74 0
 1     623     0.1   0.00834271  0.00834271  0.0357  1.57244  0.789624  0.222222  3  2.77778 1942.74 0
 1     630     0.1   0.00834271  0.00834271  0.0357  1.57244  0.789624  0.222222  3  2.77778 1942.74 0
 1     630     0.1   0.00834271  0.00834271  0.0357  1.57244  0.789624  0.222222  3  2.77778 1942.74 0
 1     657     0.1   0.00834271  0.00834271  0.0357  1.57244  0.789624  0.222222  3  2.77778 1942.74 0
 1     657     0.1   0.00834271  0.00834271  0.0357  1.57244  0.789624  0.222222  3  2.77778 1942.74 0
 1     661     0.1   0.00834271  0.00834271  0.0357  1.57244  0.789624  0.222222  3  2.77778 1942.74 1
 1     661     0.1   0.00834271  0.00834271  0.0357  1.57244  0.789624  0.222222  3  2.77778 1942.74 0
 1     671     0.1   0.00834271  0.00834271  0.0357  1.57244  0.789624  0.222222  3  2.77778 1942.74 0
 1     671     0.1   0.00834271  0.00834271  0.0357  1.57244  0.789624  0.222222  3  2.77778 1942.74 0
 1     673     0.1   0.00834271  0.00834271  0.0357  1.57244  0.789624  0.222222  3  2.77778 1942.74 0
 1     673     0.1   0.00834271  0.00834271  0.0357  1.57244  0.789624  0.222222  3  2.77778 1942.74 0
 1     676     0.1   0.00834271  0.00834271  0.0357  1.57244  0.789624  0.222222  3  2.77778 1942.74 0
 1     676     0.1   0.00834271  0.00834271  0.0357  1.57244  0.789624  0.222222  3  2.77778 1942.74 0
 1     683     0.1   0.00834271  0.00834271  0.0357  1.57244  0.789624  0.222222  3  2.77778 1942.74 0
 1     683     0.1   0.00834271  0.00834271  0.0357  1.57244  0.789624  0.222222  3  2.77778 1942.74 0
 1     688     0.1   0.00834271  0.00834271  0.0357  1.57244  0.789624  0.222222  3  2.77778 1942.74 0
 1     688     0.1   0.00834271  0.00834271  0.0357  1.57244  0.789624  0.222222  3  2.77778 1942.74 0
 1     711     0.1   0.00834271  0.00834271  0.0357  1.57244  0.789624  0.222222  3  2.77778 1942.74 0
 1     711     0.1   0.00834271  0.00834271  0.0357  1.57244  0.789624  0.222222  3  2.77778 1942.74 0
 1     717     0.1   0.00834271  0.00834271  0.0357  1.57244  0.789624  0.222222  3  2.77778 1942.74 0
 1     717     0.1   0.00834271  0.00834271  0.0357  1.57244  0.789624  0.222222  3  2.77778 1942.74 0
 1     725     0.1   0.00834271  0.00834271  0.0357  1.57244  0.789624  0.222222  3  2.77778 1942.74 1
 1     725     0.1   0.00834271  0.00834271  0.0357  1.57244  0.789624  0.222222  3  2.77778 1942.74 0
 1     727     0.1   0.00834271  0.00834271  0.0357  1.57244  0.789624  0.222222  3  2.77778 1942.74 0
 1     727     0.1   0.00834271  0.00834271  0.0357  1.57244  0.789624  0.222222  3  2.77778 1942.74 0
 1     745     0.1   0.00834271  0.00834271  0.0357  1.57244  0.789624  0.222222  3  2.77778 1942.74 0
 1     745     0.1   0.00834271  0.00834271  0.0357  1.57244  0.789624  0.222222  3  2.77778 1942.74 0
 1     792     0.1   0.00834271  0.00834271  0.0357  1.57244  0.789624  0.222222  3  2.77778 1942.74 1
 1     792     0.1   0.00834271  0.00834271  0.0357  1.57244  0.789624  0.222222  3  2.77778 1942.74 0
 1     794     0.1   0.00834271  0.00834271  0.0357  1.57244  0.789624  0.222222  3  2.77778 1942.74 0
 1     794     0.1   0.00834271  0.00834271  0.0357  1.57244  0.789624  0.222222  3  2.77778 1942.74 0
 1     805     0.1   0.00834271  0.00834271  0.0357  1.57244  0.789624  0.222222  3  2.77778 1942.74 1
 1     805     0.1   0.00834271  0.00834271  0.0357  1.57244  0.789624  0.222222  3  2.77778 1942.74 0
 1     819     0.1   0.00834271  0.00834271  0.0357  1.57244  0.789624  0.222222  3  2.77778 1942.74 0
 1     819     0.1   0.00834271  0.00834271  0.0357  1.57244  0.789624  0.222222  3  2.77778 1942.74 0
 1     821     0.1   0.00834271  0.00834271  0.0357  1.57244  0.789624  0.222222  3  2.77778 1942.74 0
 1     821     0.1   0.00834271  0.00834271  0.0357  1.57244  0.789624  0.222222  3  2.77778 1942.74 0
 1     843     0.1   0.00834271  0.00834271  0.0357  1.57244  0.789624  0.222222  3  2.77778 1942.74 2
 1     843     0.1   0.00834271  0.00834271  0.0357  1.57244  0.789624  0.222222  3  2.77778 1942.74 0
 1     849     0.1   0.00834271  0.00834271  0.0357  1.57244  0.789624  0.222222  3  2.77778 1942.74 0
 1     849     0.1   0.00834271  0.00834271  0.0357  1.57244  0.789624  0.222222  3  2.77778 1942.74 0
 1     861     0.1   0.00834271  0.00834271  0.0357  1.57244  0.789624  0.222222  3  2.77778 1942.74 1
 1     861     0.1   0.00834271  0.00834271  0.0357  1.57244  0.789624  0.222222  3  2.77778 1942.74 0
 1     867     0.1   0.00834271  0.00834271  0.0357  1.57244  0.789624  0.222222  3  2.77778 1942.74 0
 1     867     0.1   0.00834271  0.00834271  0.0357  1.57244  0.789624  0.222222  3  2.77778 1942.74 0
 1     872     0.1   0.00834271  0.00834271  0.0357  1.57244  0.789624  0.222222  3  2.77778 1942.74 0
 1     872     0.1   0.00834271  0.00834271  0.0357  1.57244  0.789624  0.222222  3  2.77778 1942.74 0
 1     888     0.1   0.00834271  0.00834271  0.0357  1.57244  0.789624  0.222222  3  2.77778 1942.74 1
 1     888     0.1   0.00834271  0.00834271  0.0357  1.57244  0.789624  0.222222  3  2.77778 1942.74 0
 1     913     0.1   0.00834271  0.00834271  0.0357  1.57244  0.789624  0.222222  3  2.77778 1942.74 0
 1     913     0.1   0.00834271  0.00834271  0.0357  1.57244  0.789624  0.222222  3  2.77778 1942.74 0
 1     926     0.1   0.00834271  0.00834271  0.0357  1.57244  0.789624  0.222222  3  2.77778 1942.74 0
 1     926     0.1   0.00834271  0.00834271  0.0357  1.57244  0.789624  0.222222  3  2.77778 1942.74 0
 1     927     0.1   0.00834271  0.00834271  0.0357  1.57244  0.789624  0.222222  3  2.77778 1942.74 0
 1     927     0.1   0.00834271  0.00834271  0.0357  1.57244  0.789624  0.222222  3  2.77778 1942.74 0
 1     948     0.1   0.00834271  0.00834271  0.0357  1.57244  0.789624  0.222222  3  2.77778 1942.74 0
 1     948     0.1   0.00834271  0.00834271  0.0357  1.57244  0.789624  0.222222  3  2.77778 1942.74 0
 1     991     0.1   0.00834271  0.00834271  0.0357  1.57244  0.789624  0.222222  3  2.77778 1942.74 0
 1     991     0.1   0.00834271  0.00834271  0.0357  1.57244  0.789624  0.222222  3  2.77778 1942.74 0
 1     992     0.1   0.00834271  0.00834271  0.0357  1.57244  0.789624  0.222222  3  2.77778 1942.74 0
 1     992     0.1   0.00834271  0.00834271  0.0357  1.57244  0.789624  0.222222  3  2.77778 1942.74 0
 1     994     0.1   0.00834271  0.00834271  0.0357  1.57244  0.789624  0.222222  3  2.77778 1942.74 0
 1     994     0.1   0.00834271  0.00834271  0.0357  1.57244  0.789624  0.222222  3  2.77778 1942.74 0
 1     999     0.1   0.00834271  0.00834271  0.0357  1.57244  0.789624  0.222222  3  2.77778 1942.74 0
 1     999     0.1   0.00834271  0.00834271  0.0357  1.57244  0.789624  0.222222  3  2.77778 1942.74 0
 1    1001     0.1   0.00834271  0.00834271  0.0357  1.57244  0.789624  0.222222  3  2.77778 1942.74 0
 1    1001     0.1   0.00834271  0.00834271  0.0357  1.57244  0.789624  0.222222  3  2.77778 1942.74 0
 2    1007     0.1   0.00834271  0.00834271  0.0357  1.57244  0.789624  0.222222  3  2.77778 1942.74 0
 2    1007     0.1   0.00834271  0.00834271  0.0357  1.57244  0.789624  0.222222  3  2.77778 1942.74 0
 2    1015     0.1   0.00834271  0.00834271  0.0357  1.57244  0.789624  0.222222  3  2.77778 1942.74 0
 2    1015     0.1   0.00834271  0.00834271  0.0357  1.57244  0.789624  0.222222  3  2.77778 1942.74 0
 2    1021     0.1   0.00834271  0.00834271  0.0357  1.57244  0.789624  0.222222  3  2.77778 1942.74 0
 2    1021     0.1   0.00834271  0.00834271  0.0357  1.57244  0.789624  0.222222  3  2.77778 1942.74 0
 2    1032     0.1   0.00834271  0.00834271  0.0357  1.57244  0.789624  0.222222  3  2.77778 1942.74 1
 2    1032     0.1   0.00844043  0.00844043  0.3214  1.57608  0.845365  0.333333  4  3.66667 1939.1 0
 2    1042     0.1   0.00844043  0.00844043  0.3214  1.57608  0.845365  0.333333  4  3.66667 1939.1 2
 2    1042     0.1   0.00844043  0.00844043  0.3214  1.57608  0.845365  0.333333  4  3.66667 1939.1 0
 2    1067     0.1   0.00844043  0.00844043  0.3214  1.57608  0.845365  0.333333  4  3.66667 1939.1 3
 2    1067     0.1   0.00844043  0.00844043  0.3214  1.57608  0.845365  0.333333  4  3.66667 1939.1 0
 2    1144     0.1   0.00844043  0.00844043  0.3214  1.57608  0.845365  0.333333  4  3.66667 1939.1 5
 2    1144     0.1   0.00844043  0.00844043  0.3214  1.57608  0.845365  0.333333  4  3.66667 1939.1 0
 2    1150     0.1   0.00844043  0.00844043  0.3214  1.57608  0.845365  0.333333  4  3.66667 1939.1 1
 2    1150     0.1   0.00844043  0.00844043  0.3214  1.57608  0.845365  0.333333  4  3.66667 1939.1 0
 2    1169     0.1   0.00844043  0.00844043  0.3214  1.57608  0.845365  0.333333  4  3.66667 1939.1 0
 2    1169     0.1   0.00844043  0.00844043  0.3214  1.57608  0.845365  0.333333  4  3.66667 1939.1 0
 2    1173     0.1   0.00844043  0.00844043  0.3214  1.57608  0.845365  0.333333  4  3.66667 1939.1 0
 2    1173     0.1   0.00844043  0.00844043  0.3214  1.57608  0.845365  0.333333  4  3.66667 1939.1 0
 2    1201     0.1   0.00844043  0.00844043  0.3214  1.57608  0.845365  0.333333  4  3.66667 1939.1 2
 2    1201     0.1   0.00844043  0.00844043  0.3214  1.57608  0.845365  0.333333  4  3.66667 1939.1 0
 2    1237     0.1   0.00844043  0.00844043  0.3214  1.57608  0.845365  0.333333  4  3.66667 1939.1 3
 2    1237     0.1   0.00844043  0.00844043  0.3214  1.57608  0.845365  0.333333  4  3.66667 1939.1 0
 2    1258     0.1   0.00844043  0.00844043  0.3214  1.57608  0.845365  0.333333  4  3.66667 1939.1 0
 2    1258     0.1   0.00844043  0.00844043  0.3214  1.57608  0.845365  0.333333  4  3.66667 1939.1 0
 2    1262     0.1   0.00844043  0.00844043  0.3214  1.57608  0.845365  0.333333  4  3.66667 1939.1 0
 2    1262     0.1   0.00844043  0.00844043  0.3214  1.57608  0.845365  0.333333  4  3.66667 1939.1 0
 2    1269     0.1   0.00844043  0.00844043  0.3214  1.57608  0.845365  0.333333  4  3.66667 1939.1 0
 2    1269     0.1   0.00844043  0.00844043  0.3214  1.57608  0.845365  0.333333  4  3.66667 1939.1 0
 2    1345     0.1   0.00844043  0.00844043  0.3214  1.57608  0.845365  0.333333  4  3.66667 1939.1 6
 2    1345     0.1   0.00844043  0.00844043  0.3214  1.57608  0.845365  0.333333  4  3.66667 1939.1 0
 2    1361     0.1   0.00844043  0.00844043  0.3214  1.57608  0.845365  0.333333  4  3.66667 1939.1 2
 2    1361     0.1   0.00844043  0.00844043  0.3214  1.57608  0.845365  0.333333  4  3.66667 1939.1 0
 2    1403     0.1   0.00844043  0.00844043  0.3214  1.57608  0.845365  0.333333  4  3.66667 1939.1 2
 2    1403     0.1   0.00844043  0.00844043  0.3214  1.57608  0.845365  0.333333  4  3.66667 1939.1 0
 2    1421     0.1   0.00844043  0.00844043  0.3214  1.57608  0.845365  0.333333  4  3.66667 1939.1 0
 2    1421     0.1   0.00844043  0.00844043  0.3214  1.57608  0.845365  0.333333  4  3.66667 1939.1 0
 2    1450     0.1   0.00844043  0.00844043  0.3214  1.57608  0.845365  0.333333  4  3.66667 1939.1 1
 2    1450     0.1   0.00844043  0.00844043  0.3214  1.57608  0.845365  0.333333  4  3.66667 1939.1 0
 2    1467     0.1   0.00844043  0.00844043  0.3214  1.57608  0.845365  0.333333  4  3.66667 1939.1 0
 2    1467     0.1   0.00844043  0.00844043  0.3214  1.57608  0.845365  0.333333  4  3.66667 1939.1 0
 2    1473     0.1   0.00844043  0.00844043  0.3214  1.57608  0.845365  0.333333  4  3.66667 1939.1 0
 2    1473     0.1   0.00844043  0.00844043  0.3214  1.57608  0.845365  0.333333  4  3.66667 1939.1 0
 2    1502     0.1   0.00844043  0.00844043  0.3214  1.57608  0.845365  0.333333  4  3.66667 1939.1 2
 2    1502     0.1   0.00844043  0.00844043  0.3214  1.57608  0.845365  0.333333  4  3.66667 1939.1 0
 3    1516     0.1   0.00844043  0.00844043  0.3214  1.57608  0.845365  0.333333  4  3.66667 1939.1 0
 3    1516     0.1   0.00844043  0.00844043  0.3214  1.57608  0.845365  0.333333  4  3.66667 1939.1 0
 3    1540     0.1   0.00844043  0.00844043  0.3214  1.57608  0.845365  0.333333  4  3.66667 1939.1 0
 3    1540     0.1   0.00844043  0.00844043  0.3214  1.57608  0.845365  0.333333  4  3.66667 1939.1 0
 3    1640     0.1   0.00844043  0.00844043  0.3214  1.57608  0.845365  0.333333  4  3.66667 1939.1 5
 3    1640     0.1   0.00844043  0.00844043  0.3214  1.57608  0.845365  0.333333  4  3.66667 1939.1 0
 3    1687     0.1   0.00844043  0.00844043  0.3214  1.57608  0.845365  0.333333  4  3.66667 1939.1 1
 3    1687     0.1   0.00844043  0.00844043  0.3214  1.57608  0.845365  0.333333  4  3.66667 1939.1 0
 3    1736     0.1   0.00844043  0.00844043  0.3214  1.57608  0.845365  0.333333  4  3.66667 1939.1 6
 3    1736     0.1   0.00844043  0.00844043  0.3214  1.57608  0.845365  0.333333  4  3.66667 1939.1 0
 3    1742     0.1   0.00844043  0.00844043  0.3214  1.57608  0.845365  0.333333  4  3.66667 1939.1 0
 3    1742     0.1   0.00844043  0.00844043  0.3214  1.57608  0.845365  0.333333  4  3.66667 1939.1 0
 3    1744     0.1   0.00844043  0.00844043  0.3214  1.57608  0.845365  0.333333  4  3.66667 1939.1 0
 3    1744     0.1   0.00844043  0.00844043  0.3214  1.57608  0.845365  0.333333  4  3.66667 1939.1 0
 3    1754     0.1   0.00844043  0.00844043  0.3214  1.57608  0.845365  0.333333  4  3.66667 1939.1 0
 3    1754     0.1   0.00844043  0.00844043  0.3214  1.57608  0.845365  0.333333  4  3.66667 1939.1 0
 3    1761     0.1   0.00844043  0.00844043  0.3214  1.57608  0.845365  0.333333  4  3.66667 1939.1 0
 3    1761     0.1   0.00844043  0.00844043  0.3214  1.57608  0.845365  0.333333  4  3.66667 1939.1 0
 3    1795     0.1   0.00844043  0.00844043  0.3214  1.57608  0.845365  0.333333  4  3.66667 1939.1 2
 3    1795     0.1   0.00844043  0.00844043  0.3214  1.57608  0.845365  0.333333  4  3.66667 1939.1 0
 3    1811     0.1   0.00844043  0.00844043  0.3214  1.57608  0.845365  0.333333  4  3.66667 1939.1 0
 3    1811     0.1   0.00844043  0.00844043  0.3214  1.57608  0.845365  0.333333  4  3.66667 1939.1 0
 3    1844     0.1   0.00844043  0.00844043  0.3214  1.57608  0.845365  0.333333  4  3.66667 1939.1 1
 3    1844     0.1   0.00844043  0.00844043  0.3214  1.57608  0.845365  0.333333  4  3.66667 1939.1 0
 3    1917     0.1   0.00844043  0.00844043  0.3214  1.57608  0.845365  0.333333  4  3.66667 1939.1 5
 3    1917     0.1   0.00844043  0.00844043  0.3214  1.57608  0.845365  0.333333  4  3.66667 1939.1 0
 3    1946     0.1   0.00844043  0.00844043  0.3214  1.57608  0.845365  0.333333  4  3.66667 1939.1 2
 3    1946     0.1   0.00844043  0.00844043  0.3214  1.57608  0.845365  0.333333  4  3.66667 1939.1 0
 3    1958     0.1   0.00844043  0.00844043  0.3214  1.57608  0.845365  0.333333  4  3.66667 1939.1 0
 3    1958     0.1   0.00844043  0.00844043  0.3214  1.57608  0.845365  0.333333  4  3.66667 1939.1 0
 3    1963     0.1   0.00844043  0.00844043  0.3214  1.57608  0.845365  0.333333  4  3.66667 1939.1 2
 3    1963     0.1   0.00844043  0.00844043  0.3214  1.57608  0.845365  0.333333  4  3.66667 1939.1 0
 4    2027     0.1   0.00844043  0.00844043  0.3214  1.57608  0.845365  0.333333  4  3.66667 1939.1 9
 4    2027     0.1   0.00844043  0.00844043  0.3214  1.57608  0.845365  0.333333  4  3.66667 1939.1 0
 4    2037     0.1   0.00844043  0.00844043  0.3214  1.57608  0.845365  0.333333  4  3.66667 1939.1 0
 4    2037     0.1   0.00844043  0.00844043  0.3214  1.57608  0.845365  0.333333  4  3.66667 1939.1 0
 4    2072     0.1   0.00844043  0.00844043  0.3214  1.57608  0.845365  0.333333  4  3.66667 1939.1 2
 4    2072     0.1   0.00844043  0.00844043  0.3214  1.57608  0.845365  0.333333  4  3.66667 1939.1 0
 4    2076     0.1   0.00844043  0.00844043  0.3214  1.57608  0.845365  0.333333  4  3.66667 1939.1 0
 4    2076     0.1   0.00844043  0.00844043  0.3214  1.57608  0.845365  0.333333  4  3.66667 1939.1 0
 4    2142     0.1   0.00844043  0.00844043  0.3214  1.57608  0.845365  0.333333  4  3.66667 1939.1 10
 4    2142     0.1   0.00844043  0.00844043  0.3214  1.57608  0.845365  0.333333  4  3.66667 1939.1 0
 4    2172     0.2   0.00844043  0.00844043  0.3214  1.57608  0.845365  0.333333  4  3.66667 1939.1 1
 4    2172     0.2   0.00844043  0.00844043  0.3214  1.57608  0.845365  0.333333  4  3.66667 1939.1 0
 4    2240     0.2   0.00844043  0.00844043  0.3214  1.57608  0.845365  0.333333  4  3.66667 1939.1 5
 4    2240     0.2   0.00844043  0.00844043  0.3214  1.57608  0.845365  0.333333  4  3.66667 1939.1 0
 4    2241     0.2   0.00844043  0.00844043  0.3214  1.57608  0.845365  0.333333  4  3.66667 1939.1 0
 4    2241     0.2   0.00844043  0.00844043  0.3214  1.57608  0.845365  0.333333  4  3.66667 1939.1 0
 4    2253     0.2   0.00844043  0.00844043  0.3214  1.57608  0.845365  0.333333  4  3.66667 1939.1 1
 4    2253     0.2   0.00844043  0.00844043  0.3214  1.57608  0.845365  0.333333  4  3.66667 1939.1 0
 4    2295     0.2   0.00844043  0.00844043  0.3214  1.57608  0.845365  0.333333  4  3.66667 1939.1 4
 4    2295     0.2   0.00844043  0.00844043  0.3214  1.57608  0.845365  0.333333  4  3.66667 1939.1 0
 4    2297     0.2   0.00844043  0.00844043  0.3214  1.57608  0.845365  0.333333  4  3.66667 1939.1 0
 4    2297     0.2   0.00844043  0.00844043  0.3214  1.57608  0.845365  0.333333  4  3.66667 1939.1 0
 4    2317     0.2   0.00844043  0.00844043  0.3214  1.57608  0.845365  0.333333  4  3.66667 1939.1 3
 4    2317     0.2   0.00844043  0.00844043  0.3214  1.57608  0.845365  0.333333  4  3.66667 1939.1 0
 4    2319     0.2   0.00844043  0.00844043  0.3214  1.57608  0.845365  0.333333  4  3.66667 1939.1 0
 4    2319     0.2   0.00844043  0.00844043  0.3214  1.57608  0.845365  0.333333  4  3.66667 1939.1 0
 4    2327     0.2   0.00844043  0.00844043  0.3214  1.57608  0.845365  0.333333  4  3.66667 1939.1 0
 4    2327     0.2   0.00848443  0.00848443  0.1786  1.55171  0.786525  0.285714  4  3.71429 1945.23 0
 4    2330     0.2   0.00848443  0.00848443  0.1786  1.55171  0.786525  0.285714  4  3.71429 1945.23 1
 4    2330     0.2   0.00848443  0.00848443  0.1786  1.55171  0.786525  0.285714  4  3.71429 1945.23 0
 4    2410     0.2   0.00848443  0.00848443  0.1786  1.55171  0.786525  0.285714  4  3.71429 1945.23 6
 4    2410     0.2   0.00848443  0.00848443  0.1786  1.55171  0.786525  0.285714  4  3.71429 1945.23 0
 5    2511     0.2   0.00848443  0.00848443  0.1786  1.55171  0.786525  0.285714  4  3.71429 1945.23 8
 5    2511     0.2   0.00848443  0.00848443  0.1786  1.55171  0.786525  0.285714  4  3.71429 1945.23 0
 5    2535     0.2   0.00848443  0.00848443  0.1786  1.55171  0.786525  0.285714  4  3.71429 1945.23 1
 5    2535     0.2   0.00848443  0.00848443  0.1786  1.55171  0.786525  0.285714  4  3.71429 1945.23 0
 5    2562     0.2   0.00848443  0.00848443  0.1786  1.55171  0.786525  0.285714  4  3.71429 1945.23 3
 5    2562     0.2   0.00848443  0.00848443  0.1786  1.55171  0.786525  0.285714  4  3.71429 1945.23 0
 5    2563     0.2   0.00848443  0.00848443  0.1786  1.55171  0.786525  0.285714  4  3.71429 1945.23 0
 5    2563     0.2   0.00848443  0.00848443  0.1786  1.55171  0.786525  0.285714  4  3.71429 1945.23 0
 5    2591     0.2   0.00848443  0.00848443  0.1786  1.55171  0.786525  0.285714  4  3.71429 1945.23 0
 5    2591     0.2   0.00848443  0.00848443  0.1786  1.55171  0.786525  0.285714  4  3.71429 1945.23 0
 5    2601     0.2   0.00848443  0.00848443  0.1786  1.55171  0.786525  0.285714  4  3.71429 1945.23 0
 5    2601     0.2   0.00848443  0.00848443  0.1786  1.55171  0.786525  0.285714  4  3.71429 1945.23 0
 5    2644     0.2   0.00848443  0.00848443  0.1786  1.55171  0.786525  0.285714  4  3.71429 1945.23 4
 5    2644     0.2   0.00848443  0.00848443  0.1786  1.55171  0.786525  0.285714  4  3.71429 1945.23 0
 5    2678     0.2   0.00848443  0.00848443  0.1786  1.55171  0.786525  0.285714  4  3.71429 1945.23 4
 5    2678     0.2   0.00848443  0.00848443  0.1786  1.55171  0.786525  0.285714  4  3.71429 1945.23 0
 5    2680     0.2   0.00848443  0.00848443  0.1786  1.55171  0.786525  0.285714  4  3.71429 1945.23 0
 5    2680     0.2   0.00848443  0.00848443  0.1786  1.55171  0.786525  0.285714  4  3.71429 1945.23 0
 5    2720     0.2   0.00848443  0.00848443  0.1786  1.55171  0.786525  0.285714  4  3.71429 1945.23 4
 5    2720     0.2   0.00848443  0.00848443  0.1786  1.55171  0.786525  0.285714  4  3.71429 1945.23 0
 5    2883     0.2   0.00848443  0.00848443  0.1786  1.55171  0.786525  0.285714  4  3.71429 1945.23 10
 5    2883     0.2   0.00848443  0.00848443  0.1786  1.55171  0.786525  0.285714  4  3.71429 1945.23 0
 6    3009     0.2   0.00848443  0.00848443  0.1786  1.55171  0.786525  0.285714  4  3.71429 1945.23 12
 6    3009     0.2   0.00848443  0.00848443  0.1786  1.55171  0.786525  0.285714  4  3.71429 1945.23 0
 6    3120     0.2   0.00848443  0.00848443  0.1786  1.55171  0.786525  0.285714  4  3.71429 1945.23 9
 6    3120     0.2   0.00848443  0.00848443  0.1786  1.55171  0.786525  0.285714  4  3.71429 1945.23 0
 6    3253     0.2   0.00848443  0.00848443  0.1786  1.55171  0.786525  0.285714  4  3.71429 1945.23 11
 6    3253     0.2   0.00848443  0.00848443  0.1786  1.55171  0.786525  0.285714  4  3.71429 1945.23 0
 6    3271     0.2   0.00848443  0.00848443  0.1786  1.55171  0.786525  0.285714  4  3.71429 1945.23 1
 6    3271     0.2   0.00848443  0.00848443  0.1786  1.55171  0.786525  0.285714  4  3.71429 1945.23 0
 6    3284     0.2   0.00848443  0.00848443  0.1786  1.55171  0.786525  0.285714  4  3.71429 1945.23 1
 6    3284     0.2   0.00848443  0.00848443  0.1786  1.55171  0.786525  0.285714  4  3.71429 1945.23 0
 6    3301     0.2   0.00848443  0.00848443  0.1786  1.55171  0.786525  0.285714  4  3.71429 1945.23 2
 6    3301     0.2   0.00848443  0.00848443  0.1786  1.55171  0.786525  0.285714  4  3.71429 1945.23 0
 6    3350     0.2   0.00848443  0.00848443  0.1786  1.55171  0.786525  0.285714  4  3.71429 1945.23 4
 6    3350     0.2   0.00848443  0.00848443  0.1786  1.55171  0.786525  0.285714  4  3.71429 1945.23 0
 6    3409     0.2   0.00848443  0.00848443  0.1786  1.55171  0.786525  0.285714  4  3.71429 1945.23 7
 6    3409     0.2   0.00848443  0.00848443  0.1786  1.55171  0.786525  0.285714  4  3.71429 1945.23 0
 6    3449     0.2   0.00848443  0.00848443  0.1786  1.55171  0.786525  0.285714  4  3.71429 1945.23 4
 6    3449     0.2   0.00848443  0.00848443  0.1786  1.55171  0.786525  0.285714  4  3.71429 1945.23 0
 6    3493     0.2   0.00848443  0.00848443  0.1786  1.55171  0.786525  0.285714  4  3.71429 1945.23 3
 6    3493     0.2   0.00848443  0.00848443  0.1786  1.55171  0.786525  0.285714  4  3.71429 1945.23 0
 6    3495     0.2   0.00848443  0.00848443  0.1786  1.55171  0.786525  0.285714  4  3.71429 1945.23 0
 6    3495     0.2   0.00848443  0.00848443  0.1786  1.55171  0.786525  0.285714  4  3.71429 1945.23 0
 7    3600     0.3   0.00848443  0.00848443  0.1786  1.55171  0.786525  0.285714  4  3.71429 1945.23 8
 7    3600     0.3   0.00848443  0.00848443  0.1786  1.55171  0.786525  0.285714  4  3.71429 1945.23 0
 7    3633     0.3   0.00848443  0.00848443  0.1786  1.55171  0.786525  0.285714  4  3.71429 1945.23 6
 7    3633     0.3   0.00848443  0.00848443  0.1786  1.55171  0.786525  0.285714  4  3.71429 1945.23 0
 7    3690     0.3   0.00848443  0.00848443  0.1786  1.55171  0.786525  0.285714  4  3.71429 1945.23 5
 7    3690     0.3   0.00848443  0.00848443  0.1786  1.55171  0.786525  0.285714  4  3.71429 1945.23 0
 7    3760     0.3   0.00848443  0.00848443  0.1786  1.55171  0.786525  0.285714  4  3.71429 1945.23 3
 7    3760     0.3   0.00848443  0.00848443  0.1786  1.55171  0.786525  0.285714  4  3.71429 1945.23 0
 7    3802     0.3   0.00848443  0.00848443  0.1786  1.55171  0.786525  0.285714  4  3.71429 1945.23 2
 7    3802     0.3   0.0085897  0.0085897  0.2500  1.5315  0.626831  0.25  3  2.75 1939.28 0
 7    3993     0.3   0.0085897  0.0085897  0.2500  1.5315  0.626831  0.25  3  2.75 1939.28 21
 7    3993     0.3   0.0085897  0.0085897  0.2500  1.5315  0.626831  0.25  3  2.75 1939.28 0
 8    4013     0.3   0.0085897  0.0085897  0.2500  1.5315  0.626831  0.25  3  2.75 1939.28 4
 8    4013     0.3   0.0085897  0.0085897  0.2500  1.5315  0.626831  0.25  3  2.75 1939.28 0
 8    4053     0.3   0.0085897  0.0085897  0.2500  1.5315  0.626831  0.25  3  2.75 1939.28 3
 8    4053     0.3   0.0085897  0.0085897  0.2500  1.5315  0.626831  0.25  3  2.75 1939.28 0
 8    4173     0.3   0.0085897  0.0085897  0.2500  1.5315  0.626831  0.25  3  2.75 1939.28 14
 8    4173     0.3   0.0085897  0.0085897  0.2500  1.5315  0.626831  0.25  3  2.75 1939.28 0
 8    4189     0.3   0.0085897  0.0085897  0.2500  1.5315  0.626831  0.25  3  2.75 1939.28 3
 8    4189     0.3   0.0085897  0.0085897  0.2500  1.5315  0.626831  0.25  3  2.75 1939.28 0
 9    4607     0.3   0.0085897  0.0085897  0.2500  1.5315  0.626831  0.25  3  2.75 1939.28 40
 9    4607     0.3   0.0085897  0.0085897  0.2500  1.5315  0.626831  0.25  3  2.75 1939.28 0
 9    4612     0.3   0.0085897  0.0085897  0.2500  1.5315  0.626831  0.25  3  2.75 1939.28 0
 9    4612     0.3   0.0085897  0.0085897  0.2500  1.5315  0.626831  0.25  3  2.75 1939.28 0
 9    4648     0.3   0.0085897  0.0085897  0.2500  1.5315  0.626831  0.25  3  2.75 1939.28 4
 9    4648     0.3   0.0085897  0.0085897  0.2500  1.5315  0.626831  0.25  3  2.75 1939.28 0
 9    4661     0.3   0.0085897  0.0085897  0.2500  1.5315  0.626831  0.25  3  2.75 1939.28 1
 9    4661     0.3   0.0085897  0.0085897  0.2500  1.5315  0.626831  0.25  3  2.75 1939.28 0
 9    4677     0.3   0.0085897  0.0085897  0.2500  1.5315  0.626831  0.25  3  2.75 1939.28 3
 9    4677     0.3   0.0085897  0.0085897  0.2500  1.5315  0.626831  0.25  3  2.75 1939.28 0
 9    4690     0.3   0.0085897  0.0085897  0.2500  1.5315  0.626831  0.25  3  2.75 1939.28 0
 9    4690     0.3   0.0085897  0.0085897  0.2500  1.5315  0.626831  0.25  3  2.75 1939.28 0
 9    4776     0.3   0.0085897  0.0085897  0.2500  1.5315  0.626831  0.25  3  2.75 1939.28 11
 9    4776     0.3   0.0085897  0.0085897  0.2500  1.5315  0.626831  0.25  3  2.75 1939.28 0
 9    4792     0.3   0.0085897  0.0085897  0.2500  1.5315  0.626831  0.25  3  2.75 1939.28 0
 9    4792     0.3   0.0085897  0.0085897  0.2500  1.5315  0.626831  0.25  3  2.75 1939.28 0
 9    4833     0.3   0.0085897  0.0085897  0.2500  1.5315  0.626831  0.25  3  2.75 1939.28 4
 9    4833     0.3   0.0085897  0.0085897  0.2500  1.5315  0.626831  0.25  3  2.75 1939.28 0
 9    4838     0.3   0.0085897  0.0085897  0.2500  1.5315  0.626831  0.25  3  2.75 1939.28 1
 9    4838     0.3   0.0085897  0.0085897  0.2500  1.5315  0.626831  0.25  3  2.75 1939.28 0
 9    4997     0.4   0.0085897  0.0085897  0.2500  1.5315  0.626831  0.25  3  2.75 1939.28 12
 9    4997     0.4   0.0085897  0.0085897  0.2500  1.5315  0.626831  0.25  3  2.75 1939.28 0
10    5183     0.4   0.0085897  0.0085897  0.2500  1.5315  0.626831  0.25  3  2.75 1939.28 14
10    5183     0.4   0.0085897  0.0085897  0.2500  1.5315  0.626831  0.25  3  2.75 1939.28 0
10    5205     0.4   0.0085897  0.0085897  0.2500  1.5315  0.626831  0.25  3  2.75 1939.28 3
10    5205     0.4   0.0085897  0.0085897  0.2500  1.5315  0.626831  0.25  3  2.75 1939.28 0
11    5505     0.4   0.0085897  0.0085897  0.2500  1.5315  0.626831  0.25  3  2.75 1939.28 26
11    5513     0.4   0.0085897  0.0085897  0.2500  1.5315  0.626831  0.25  3  2.75 1939.28 26
11    5513     0.4   0.0085897  0.0085897  0.2500  1.5315  0.626831  0.25  3  2.75 1939.28 0
11    5551     0.4   0.0085897  0.0085897  0.2500  1.5315  0.626831  0.25  3  2.75 1939.28 2
11    5551     0.4   0.0085897  0.0085897  0.2500  1.5315  0.626831  0.25  3  2.75 1939.28 0
11    5567     0.4   0.0085897  0.0085897  0.2500  1.5315  0.626831  0.25  3  2.75 1939.28 1
11    5567     0.4   0.0085897  0.0085897  0.2500  1.5315  0.626831  0.25  3  2.75 1939.28 0
11    5599     0.4   0.0085897  0.0085897  0.2500  1.5315  0.626831  0.25  3  2.75 1939.28 1
11    5599     0.4   0.0085897  0.0085897  0.2500  1.5315  0.626831  0.25  3  2.75 1939.28 0
11    5655     0.4   0.0085897  0.0085897  0.2500  1.5315  0.626831  0.25  3  2.75 1939.28 7
11    5655     0.4   0.0085897  0.0085897  0.2500  1.5315  0.626831  0.25  3  2.75 1939.28 0
11    5880     0.4   0.0085897  0.0085897  0.2500  1.5315  0.626831  0.25  3  2.75 1939.28 17
11    5880     0.4   0.0085897  0.0085897  0.2500  1.5315  0.626831  0.25  3  2.75 1939.28 0
11    5936     0.4   0.0085897  0.0085897  0.2500  1.5315  0.626831  0.25  3  2.75 1939.28 4
11    5936     0.4   0.0085897  0.0085897  0.2500  1.5315  0.626831  0.25  3  2.75 1939.28 0
11    5975     0.4   0.0085897  0.0085897  0.2500  1.5315  0.626831  0.25  3  2.75 1939.28 2
11    5975     0.4   0.0085897  0.0085897  0.2500  1.5315  0.626831  0.25  3  2.75 1939.28 0
12    6005     0.4   0.0085897  0.0085897  0.2500  1.5315  0.626831  0.25  3  2.75 1939.28 3
12    6005     0.4   0.0085897  0.0085897  0.2500  1.5315  0.626831  0.25  3  2.75 1939.28 0
12    6068     0.4   0.0085897  0.0085897  0.2500  1.5315  0.626831  0.25  3  2.75 1939.28 8
12    6068     0.4   0.0085897  0.0085897  0.2500  1.5315  0.626831  0.25  3  2.75 1939.28 0
12    6079     0.4   0.0085897  0.0085897  0.2500  1.5315  0.626831  0.25  3  2.75 1939.28 2
12    6079     0.4   0.0085897  0.0085897  0.2500  1.5315  0.626831  0.25  3  2.75 1939.28 0
12    6237     0.4   0.0085897  0.0085897  0.2500  1.5315  0.626831  0.25  3  2.75 1939.28 12
12    6237     0.4   0.0085897  0.0085897  0.2500  1.5315  0.626831  0.25  3  2.75 1939.28 0
12    6274     0.4   0.0085897  0.0085897  0.2500  1.5315  0.626831  0.25  3  2.75 1939.28 3
12    6274     0.4   0.0085897  0.0085897  0.2500  1.5315  0.626831  0.25  3  2.75 1939.28 0
13    6541     0.5   0.0085897  0.0085897  0.2500  1.5315  0.626831  0.25  3  2.75 1939.28 29
13    6541     0.5   0.0085897  0.0085897  0.2500  1.5315  0.626831  0.25  3  2.75 1939.28 0
13    6807     0.5   0.0085897  0.0085897  0.2500  1.5315  0.626831  0.25  3  2.75 1939.28 21
13    6807     0.5   0.00883534  0.00883534  0.1071  1.51892  0.72082  0.396552  5  4.60345 1952.2 0
13    6981     0.5   0.00883534  0.00883534  0.1071  1.51892  0.72082  0.396552  5  4.60345 1952.2 10
13    6981     0.5   0.00883534  0.00883534  0.1071  1.51892  0.72082  0.396552  5  4.60345 1952.2 0
14    7161     0.5   0.00883534  0.00883534  0.1071  1.51892  0.72082  0.396552  5  4.60345 1952.2 20
14    7161     0.5   0.00883534  0.00883534  0.1071  1.51892  0.72082  0.396552  5  4.60345 1952.2 0
14    7215     0.5   0.00883534  0.00883534  0.1071  1.51892  0.72082  0.396552  5  4.60345 1952.2 5
14    7215     0.5   0.00883534  0.00883534  0.1071  1.51892  0.72082  0.396552  5  4.60345 1952.2 0
14    7279     0.5   0.00883534  0.00883534  0.1071  1.51892  0.72082  0.396552  5  4.60345 1952.2 6
14    7279     0.5   0.00883534  0.00883534  0.1071  1.51892  0.72082  0.396552  5  4.60345 1952.2 0
14    7324     0.5   0.00883534  0.00883534  0.1071  1.51892  0.72082  0.396552  5  4.60345 1952.2 6
14    7324     0.5   0.00883534  0.00883534  0.1071  1.51892  0.72082  0.396552  5  4.60345 1952.2 0
15    7644     0.5   0.00883534  0.00883534  0.1071  1.51892  0.72082  0.396552  5  4.60345 1952.2 19
15    7644     0.5   0.00883534  0.00883534  0.1071  1.51892  0.72082  0.396552  5  4.60345 1952.2 0
15    7685     0.5   0.00883534  0.00883534  0.1071  1.51892  0.72082  0.396552  5  4.60345 1952.2 1
15    7685     0.5   0.00883534  0.00883534  0.1071  1.51892  0.72082  0.396552  5  4.60345 1952.2 0
15    7871     0.6   0.00883534  0.00883534  0.1071  1.51892  0.72082  0.396552  5  4.60345 1952.2 20
15    7871     0.6   0.00883534  0.00883534  0.1071  1.51892  0.72082  0.396552  5  4.60345 1952.2 0
15    7954     0.6   0.00883534  0.00883534  0.1071  1.51892  0.72082  0.396552  5  4.60345 1952.2 7
15    7954     0.6   0.00883534  0.00883534  0.1071  1.51892  0.72082  0.396552  5  4.60345 1952.2 0
15    7994     0.6   0.00883534  0.00883534  0.1071  1.51892  0.72082  0.396552  5  4.60345 1952.2 5
15    7994     0.6   0.00883534  0.00883534  0.1071  1.51892  0.72082  0.396552  5  4.60345 1952.2 0
16    8124     0.6   0.00883534  0.00883534  0.1071  1.51892  0.72082  0.396552  5  4.60345 1952.2 13
16    8124     0.6   0.008917  0.008917  0.1071  1.58171  0.749692  0.5  4  3.5 1942.31 0
16    8148     0.6   0.008917  0.008917  0.1071  1.58171  0.749692  0.5  4  3.5 1942.31 1
16    8148     0.6   0.008917  0.008917  0.1071  1.58171  0.749692  0.5  4  3.5 1942.31 0
16    8258     0.6   0.008917  0.008917  0.1071  1.58171  0.749692  0.5  4  3.5 1942.31 16
16    8258     0.6   0.008917  0.008917  0.1071  1.58171  0.749692  0.5  4  3.5 1942.31 0
16    8313     0.6   0.008917  0.008917  0.1071  1.58171  0.749692  0.5  4  3.5 1942.31 5
16    8313     0.6   0.008917  0.008917  0.1071  1.58171  0.749692  0.5  4  3.5 1942.31 0
16    8333     0.6   0.008917  0.008917  0.1071  1.58171  0.749692  0.5  4  3.5 1942.31 1
16    8333     0.6   0.008917  0.008917  0.1071  1.58171  0.749692  0.5  4  3.5 1942.31 0
17    8534     0.6   0.008917  0.008917  0.1071  1.58171  0.749692  0.5  4  3.5 1942.31 19
17    8534     0.6   0.008917  0.008917  0.1071  1.58171  0.749692  0.5  4  3.5 1942.31 0
17    8535     0.6   0.008917  0.008917  0.1071  1.58171  0.749692  0.5  4  3.5 1942.31 0
17    8535     0.6   0.008917  0.008917  0.1071  1.58171  0.749692  0.5  4  3.5 1942.31 0
17    8565     0.6   0.008917  0.008917  0.1071  1.58171  0.749692  0.5  4  3.5 1942.31 2
17    8565     0.6   0.008917  0.008917  0.1071  1.58171  0.749692  0.5  4  3.5 1942.31 0
17    8727     0.6   0.008917  0.008917  0.1071  1.58171  0.749692  0.5  4  3.5 1942.31 18
17    8727     0.6   0.008917  0.008917  0.1071  1.58171  0.749692  0.5  4  3.5 1942.31 0
18    9279     0.7   0.008917  0.008917  0.1071  1.58171  0.749692  0.5  4  3.5 1942.31 60
18    9279     0.7   0.008917  0.008917  0.1071  1.58171  0.749692  0.5  4  3.5 1942.31 0
18    9449     0.7   0.008917  0.008917  0.1071  1.58171  0.749692  0.5  4  3.5 1942.31 14
18    9449     0.7   0.008917  0.008917  0.1071  1.58171  0.749692  0.5  4  3.5 1942.31 0
19    9579     0.7   0.008917  0.008917  0.1071  1.58171  0.749692  0.5  4  3.5 1942.31 14
19    9579     0.7   0.008917  0.008917  0.1071  1.58171  0.749692  0.5  4  3.5 1942.31 0
19    9936     0.7   0.008917  0.008917  0.1071  1.58171  0.749692  0.5  4  3.5 1942.31 37
19    9936     0.7   0.008917  0.008917  0.1071  1.58171  0.749692  0.5  4  3.5 1942.31 0
20   10099     0.7   0.008917  0.008917  0.1071  1.58171  0.749692  0.5  4  3.5 1942.31 21
20   10099     0.7   0.008917  0.008917  0.1071  1.58171  0.749692  0.5  4  3.5 1942.31 0
20   10140     0.7   0.008917  0.008917  0.1071  1.58171  0.749692  0.5  4  3.5 1942.31 1
20   10140     0.7   0.008917  0.008917  0.1071  1.58171  0.749692  0.5  4  3.5 1942.31 0
20   10145     0.7   0.008917  0.008917  0.1071  1.58171  0.749692  0.5  4  3.5 1942.31 0
20   10145     0.7   0.008917  0.008917  0.1071  1.58171  0.749692  0.5  4  3.5 1942.31 0
20   10146     0.7   0.008917  0.008917  0.1071  1.58171  0.749692  0.5  4  3.5 1942.31 0
20   10146     0.7   0.008917  0.008917  0.1071  1.58171  0.749692  0.5  4  3.5 1942.31 0
20   10412     0.8   0.008917  0.008917  0.1071  1.58171  0.749692  0.5  4  3.5 1942.31 21
20   10412     0.8   0.008917  0.008917  0.1071  1.58171  0.749692  0.5  4  3.5 1942.31 0
20   10499     0.8   0.008917  0.008917  0.1071  1.58171  0.749692  0.5  4  3.5 1942.31 6
20   10499     0.8   0.008917  0.008917  0.1071  1.58171  0.749692  0.5  4  3.5 1942.31 0
21   10596     0.8   0.008917  0.008917  0.1071  1.58171  0.749692  0.5  4  3.5 1942.31 7
21   10596     0.8   0.008917  0.008917  0.1071  1.58171  0.749692  0.5  4  3.5 1942.31 0
21   10679     0.8   0.008917  0.008917  0.1071  1.58171  0.749692  0.5  4  3.5 1942.31 2
21   10679     0.8   0.008917  0.008917  0.1071  1.58171  0.749692  0.5  4  3.5 1942.31 0
21   10821     0.8   0.008917  0.008917  0.1071  1.58171  0.749692  0.5  4  3.5 1942.31 9
21   10821     0.8   0.008917  0.008917  0.1071  1.58171  0.749692  0.5  4  3.5 1942.31 0
21   10959     0.8   0.008917  0.008917  0.1071  1.58171  0.749692  0.5  4  3.5 1942.31 14
21   10959     0.8   0.008917  0.008917  0.1071  1.58171  0.749692  0.5  4  3.5 1942.31 0
22   11046     0.8   0.008917  0.008917  0.1071  1.58171  0.749692  0.5  4  3.5 1942.31 6
22   11140     0.8   0.008917  0.008917  0.1071  1.58171  0.749692  0.5  4  3.5 1942.31 11
22   11140     0.8   0.008917  0.008917  0.1071  1.58171  0.749692  0.5  4  3.5 1942.31 0
22   11193     0.8   0.008917  0.008917  0.1071  1.58171  0.749692  0.5  4  3.5 1942.31 5
22   11193     0.8   0.008917  0.008917  0.1071  1.58171  0.749692  0.5  4  3.5 1942.31 0
22   11273     0.8   0.008917  0.008917  0.1071  1.58171  0.749692  0.5  4  3.5 1942.31 10
22   11273     0.8   0.008917  0.008917  0.1071  1.58171  0.749692  0.5  4  3.5 1942.31 0
22   11304     0.8   0.008917  0.008917  0.1071  1.58171  0.749692  0.5  4  3.5 1942.31 1
22   11304     0.8   0.008917  0.008917  0.1071  1.58171  0.749692  0.5  4  3.5 1942.31 0
22   11312     0.8   0.008917  0.008917  0.1071  1.58171  0.749692  0.5  4  3.5 1942.31 0
22   11312     0.8   0.008917  0.008917  0.1071  1.58171  0.749692  0.5  4  3.5 1942.31 0
22   11320     0.8   0.008917  0.008917  0.1071  1.58171  0.749692  0.5  4  3.5 1942.31 1
22   11320     0.8   0.008917  0.008917  0.1071  1.58171  0.749692  0.5  4  3.5 1942.31 0
22   11407     0.8   0.008917  0.008917  0.1071  1.58171  0.749692  0.5  4  3.5 1942.31 5
22   11407     0.8   0.008917  0.008917  0.1071  1.58171  0.749692  0.5  4  3.5 1942.31 0
22   11481     0.8   0.008917  0.008917  0.1071  1.58171  0.749692  0.5  4  3.5 1942.31 8
22   11481     0.8   0.008917  0.008917  0.1071  1.58171  0.749692  0.5  4  3.5 1942.31 0
23   11716     0.9   0.008917  0.008917  0.1071  1.58171  0.749692  0.5  4  3.5 1942.31 30
23   11716     0.9   0.008917  0.008917  0.1071  1.58171  0.749692  0.5  4  3.5 1942.31 0
23   11720     0.9   0.008917  0.008917  0.1071  1.58171  0.749692  0.5  4  3.5 1942.31 0
23   11720     0.9   0.008917  0.008917  0.1071  1.58171  0.749692  0.5  4  3.5 1942.31 0
23   11754     0.9   0.008917  0.008917  0.1071  1.58171  0.749692  0.5  4  3.5 1942.31 1
23   11754     0.9   0.008917  0.008917  0.1071  1.58171  0.749692  0.5  4  3.5 1942.31 0
23   11876     0.9   0.008917  0.008917  0.1071  1.58171  0.749692  0.5  4  3.5 1942.31 14
23   11876     0.9   0.008917  0.008917  0.1071  1.58171  0.749692  0.5  4  3.5 1942.31 0
24   12206     0.9   0.008917  0.008917  0.1071  1.58171  0.749692  0.5  4  3.5 1942.31 25
24   12206     0.9   0.008917  0.008917  0.1071  1.58171  0.749692  0.5  4  3.5 1942.31 0
25   12510     0.9   0.008917  0.008917  0.1071  1.58171  0.749692  0.5  4  3.5 1942.31 36
25   12510     0.9   0.008917  0.008917  0.1071  1.58171  0.749692  0.5  4  3.5 1942.31 0
25   12742     0.9   0.008917  0.008917  0.1071  1.58171  0.749692  0.5  4  3.5 1942.31 28
25   12742     0.9   0.008917  0.008917  0.1071  1.58171  0.749692  0.5  4  3.5 1942.31 0
25   12863     0.9   0.008917  0.008917  0.1071  1.58171  0.749692  0.5  4  3.5 1942.31 15
25   12863     0.9   0.008917  0.008917  0.1071  1.58171  0.749692  0.5  4  3.5 1942.31 0
26   13165     1.0   0.008917  0.008917  0.1071  1.58171  0.749692  0.5  4  3.5 1942.31 30
26   13165     1.0   0.008917  0.008917  0.1071  1.58171  0.749692  0.5  4  3.5 1942.31 0
26   13447     1.0   0.008917  0.008917  0.1071  1.58171  0.749692  0.5  4  3.5 1942.31 29
26   13447     1.0   0.00912004  0.00912004  0.2500  1.61089  0.774766  0.281532  4  3.71847 1939.72 0
27   13656     1.0   0.00912004  0.00912004  0.2500  1.61089  0.774766  0.281532  4  3.71847 1939.72 25
27   13656     1.0   0.00912004  0.00912004  0.2500  1.61089  0.774766  0.281532  4  3.71847 1939.72 0
27   13803     1.0   0.00912004  0.00912004  0.2500  1.61089  0.774766  0.281532  4  3.71847 1939.72 14
27   13803     1.0   0.00912004  0.00912004  0.2500  1.61089  0.774766  0.281532  4  3.71847 1939.72 0
28   14536     1.1   0.00912004  0.00912004  0.2500  1.61089  0.774766  0.281532  4  3.71847 1939.72 74
28   14536     1.1   0.00912004  0.00912004  0.2500  1.61089  0.774766  0.281532  4  3.71847 1939.72 0
29   14687     1.1   0.00912004  0.00912004  0.2500  1.61089  0.774766  0.281532  4  3.71847 1939.72 7
29   14687     1.1   0.00912004  0.00912004  0.2500  1.61089  0.774766  0.281532  4  3.71847 1939.72 0
30   15157     1.1   0.00912004  0.00912004  0.2500  1.61089  0.774766  0.281532  4  3.71847 1939.72 40
30   15157     1.1   0.00912004  0.00912004  0.2500  1.61089  0.774766  0.281532  4  3.71847 1939.72 0
30   15271     1.1   0.00912004  0.00912004  0.2500  1.61089  0.774766  0.281532  4  3.71847 1939.72 10
30   15271     1.1   0.00912004  0.00912004  0.2500  1.61089  0.774766  0.281532  4  3.71847 1939.72 0
31   15539     1.1   0.00912004  0.00912004  0.2500  1.61089  0.774766  0.281532  4  3.71847 1939.72 29
31   15539     1.1   0.00912004  0.00912004  0.2500  1.61089  0.774766  0.281532  4  3.71847 1939.72 0
31   15755     1.1   0.00912004  0.00912004  0.2500  1.61089  0.774766  0.281532  4  3.71847 1939.72 25
31   15755     1.1   0.00912004  0.00912004  0.2500  1.61089  0.774766  0.281532  4  3.71847 1939.72 0
31   15882     1.2   0.00912004  0.00912004  0.2500  1.61089  0.774766  0.281532  4  3.71847 1939.72 10
31   15882     1.2   0.00912004  0.00912004  0.2500  1.61089  0.774766  0.281532  4  3.71847 1939.72 0
32   16061     1.2   0.00912004  0.00912004  0.2500  1.61089  0.774766  0.281532  4  3.71847 1939.72 18
32   16061     1.2   0.00912004  0.00912004  0.2500  1.61089  0.774766  0.281532  4  3.71847 1939.72 0
32   16089     1.2   0.00912004  0.00912004  0.2500  1.61089  0.774766  0.281532  4  3.71847 1939.72 3
32   16089     1.2   0.00912004  0.00912004  0.2500  1.61089  0.774766  0.281532  4  3.71847 1939.72 0
32   16121     1.2   0.00912004  0.00912004  0.2500  1.61089  0.774766  0.281532  4  3.71847 1939.72 4
32   16121     1.2   0.00912004  0.00912004  0.2500  1.61089  0.774766  0.281532  4  3.71847 1939.72 0
32   16452     1.2   0.00912004  0.00912004  0.2500  1.61089  0.774766  0.281532  4  3.71847 1939.72 31
32   16452     1.2   0.00912004  0.00912004  0.2500  1.61089  0.774766  0.281532  4  3.71847 1939.72 0
33   16503     1.2   0.00912004  0.00912004  0.2500  1.61089  0.774766  0.281532  4  3.71847 1939.72 10
33   16508     1.2   0.00912004  0.00912004  0.2500  1.61089  0.774766  0.281532  4  3.71847 1939.72 10
33   16508     1.2   0.00912004  0.00912004  0.2500  1.61089  0.774766  0.281532  4  3.71847 1939.72 0
33   16802     1.2   0.00912004  0.00912004  0.2500  1.61089  0.774766  0.281532  4  3.71847 1939.72 28
33   16802     1.2   0.00912004  0.00912004  0.2500  1.61089  0.774766  0.281532  4  3.71847 1939.72 0
33   16807     1.2   0.00912004  0.00912004  0.2500  1.61089  0.774766  0.281532  4  3.71847 1939.72 0
33   16807     1.2   0.00912004  0.00912004  0.2500  1.61089  0.774766  0.281532  4  3.71847 1939.72 0
33   16900     1.2   0.00912004  0.00912004  0.2500  1.61089  0.774766  0.281532  4  3.71847 1939.72 9
33   16900     1.2   0.00912004  0.00912004  0.2500  1.61089  0.774766  0.281532  4  3.71847 1939.72 0
33   17006     1.2   0.00912004  0.00912004  0.2500  1.61089  0.774766  0.281532  4  3.71847 1939.72 9
33   17006     1.2   0.00912004  0.00912004  0.2500  1.61089  0.774766  0.281532  4  3.71847 1939.72 0
34   17336     1.3   0.00912004  0.00912004  0.2500  1.61089  0.774766  0.281532  4  3.71847 1939.72 35
34   17336     1.3   0.00912004  0.00912004  0.2500  1.61089  0.774766  0.281532  4  3.71847 1939.72 0
35   17508     1.3   0.00912004  0.00912004  0.2500  1.61089  0.774766  0.281532  4  3.71847 1939.72 14
35   17508     1.3   0.00912004  0.00912004  0.2500  1.61089  0.774766  0.281532  4  3.71847 1939.72 0
35   17917     1.3   0.00912004  0.00912004  0.2500  1.61089  0.774766  0.281532  4  3.71847 1939.72 36
35   17917     1.3   0.00912004  0.00912004  0.2500  1.61089  0.774766  0.281532  4  3.71847 1939.72 0
36   18097     1.3   0.00912004  0.00912004  0.2500  1.61089  0.774766  0.281532  4  3.71847 1939.72 20
36   18097     1.3   0.00912004  0.00912004  0.2500  1.61089  0.774766  0.281532  4  3.71847 1939.72 0
36   18213     1.3   0.00912004  0.00912004  0.2500  1.61089  0.774766  0.281532  4  3.71847 1939.72 11
36   18213     1.3   0.00912004  0.00912004  0.2500  1.61089  0.774766  0.281532  4  3.71847 1939.72 0
37   18519     1.4   0.00912004  0.00912004  0.2500  1.61089  0.774766  0.281532  4  3.71847 1939.72 39
37   18519     1.4   0.00912004  0.00912004  0.2500  1.61089  0.774766  0.281532  4  3.71847 1939.72 0
37   19001     1.4   0.00912004  0.00912004  0.2500  1.61089  0.774766  0.281532  4  3.71847 1939.72 67
37   19001     1.4   0.00912004  0.00912004  0.2500  1.61089  0.774766  0.281532  4  3.71847 1939.72 0
38   19342     1.4   0.00912004  0.00912004  0.2500  1.61089  0.774766  0.281532  4  3.71847 1939.72 29
38   19342     1.4   0.00912004  0.00912004  0.2500  1.61089  0.774766  0.281532  4  3.71847 1939.72 0
39   19685     1.4   0.00912004  0.00912004  0.2500  1.61089  0.774766  0.281532  4  3.71847 1939.72 29
39   19685     1.4   0.00912004  0.00912004  0.2500  1.61089  0.774766  0.281532  4  3.71847 1939.72 0
42   21027     1.5   0.00912004  0.00912004  0.2500  1.61089  0.774766  0.281532  4  3.71847 1939.72 128
42   21027     1.5   0.00916541  0.00916541  0.3214  1.57131  0.639821  0.333333  3  2.66667 1948.64 0
42   21493     1.6   0.00916541  0.00916541  0.3214  1.57131  0.639821  0.333333  3  2.66667 1948.64 45
42   21493     1.6   0.00916541  0.00916541  0.3214  1.57131  0.639821  0.333333  3  2.66667 1948.64 0
43   21706     1.6   0.00916541  0.00916541  0.3214  1.57131  0.639821  0.333333  3  2.66667 1948.64 24
43   21706     1.6   0.00916541  0.00916541  0.3214  1.57131  0.639821  0.333333  3  2.66667 1948.64 0
43   21724     1.6   0.00916541  0.00916541  0.3214  1.57131  0.639821  0.333333  3  2.66667 1948.64 1
43   21724     1.6   0.00916541  0.00916541  0.3214  1.57131  0.639821  0.333333  3  2.66667 1948.64 0
43   21965     1.6   0.00916541  0.00916541  0.3214  1.57131  0.639821  0.333333  3  2.66667 1948.64 20
43   21965     1.6   0.00916541  0.00916541  0.3214  1.57131  0.639821  0.333333  3  2.66667 1948.64 0
44   22004     1.6   0.00916541  0.00916541  0.3214  1.57131  0.639821  0.333333  3  2.66667 1948.64 4
44   22208     1.6   0.00916541  0.00916541  0.3214  1.57131  0.639821  0.333333  3  2.66667 1948.64 20
44   22208     1.6   0.00916541  0.00916541  0.3214  1.57131  0.639821  0.333333  3  2.66667 1948.64 0
45   22661     1.6   0.00916541  0.00916541  0.3214  1.57131  0.639821  0.333333  3  2.66667 1948.64 37
45   22661     1.6   0.00916541  0.00916541  0.3214  1.57131  0.639821  0.333333  3  2.66667 1948.64 0
45   22818     1.7   0.00916541  0.00916541  0.3214  1.57131  0.639821  0.333333  3  2.66667 1948.64 19
45   22818     1.7   0.00916541  0.00916541  0.3214  1.57131  0.639821  0.333333  3  2.66667 1948.64 0
45   22917     1.7   0.00916541  0.00916541  0.3214  1.57131  0.639821  0.333333  3  2.66667 1948.64 5
45   22917     1.7   0.00916541  0.00916541  0.3214  1.57131  0.639821  0.333333  3  2.66667 1948.64 0
46   23252     1.7   0.00916541  0.00916541  0.3214  1.57131  0.639821  0.333333  3  2.66667 1948.64 38
46   23252     1.7   0.00916541  0.00916541  0.3214  1.57131  0.639821  0.333333  3  2.66667 1948.64 0
47   23915     1.8   0.00916541  0.00916541  0.3214  1.57131  0.639821  0.333333  3  2.66667 1948.64 63
47   23915     1.8   0.00916541  0.00916541  0.3214  1.57131  0.639821  0.333333  3  2.66667 1948.64 0
48   24022     1.8   0.00916541  0.00916541  0.3214  1.57131  0.639821  0.333333  3  2.66667 1948.64 14
48   24022     1.8   0.00916541  0.00916541  0.3214  1.57131  0.639821  0.333333  3  2.66667 1948.64 0
48   24303     1.8   0.00916541  0.00916541  0.3214  1.57131  0.639821  0.333333  3  2.66667 1948.64 35
48   24303     1.8   0.00916541  0.00916541  0.3214  1.57131  0.639821  0.333333  3  2.66667 1948.64 0
51   25544     1.9   0.00916541  0.00916541  0.3214  1.57131  0.639821  0.333333  3  2.66667 1948.64 133
51   25544     1.9   0.00916541  0.00916541  0.3214  1.57131  0.639821  0.333333  3  2.66667 1948.64 0
51   25594     1.9   0.00916541  0.00916541  0.3214  1.57131  0.639821  0.333333  3  2.66667 1948.64 6
51   25594     1.9   0.00916541  0.00916541  0.3214  1.57131  0.639821  0.333333  3  2.66667 1948.64 0
52   26128     1.9   0.00916541  0.00916541  0.3214  1.57131  0.639821  0.333333  3  2.66667 1948.64 55
52   26128     1.9   0.00916541  0.00916541  0.3214  1.57131  0.639821  0.333333  3  2.66667 1948.64 0
55   27505     2.0   0.00916541  0.00916541  0.3214  1.57131  0.639821  0.333333  3  2.66667 1948.64 132
55   27584     2.0   0.00916541  0.00916541  0.3214  1.57131  0.639821  0.333333  3  2.66667 1948.64 142
55   27584     2.0   0.00916541  0.00916541  0.3214  1.57131  0.639821  0.333333  3  2.66667 1948.64 0
55   27688     2.0   0.00916541  0.00916541  0.3214  1.57131  0.639821  0.333333  3  2.66667 1948.64 13
55   27688     2.0   0.00916541  0.00916541  0.3214  1.57131  0.639821  0.333333  3  2.66667 1948.64 0
55   27941     2.0   0.00916541  0.00916541  0.3214  1.57131  0.639821  0.333333  3  2.66667 1948.64 22
55   27941     2.0   0.00916541  0.00916541  0.3214  1.57131  0.639821  0.333333  3  2.66667 1948.64 0
55   27945     2.0   0.00916541  0.00916541  0.3214  1.57131  0.639821  0.333333  3  2.66667 1948.64 0
55   27945     2.0   0.00916541  0.00916541  0.3214  1.57131  0.639821  0.333333  3  2.66667 1948.64 0
55   28002     2.0   0.00916541  0.00916541  0.3214  1.57131  0.639821  0.333333  3  2.66667 1948.64 5
55   28002     2.0   0.00916541  0.00916541  0.3214  1.57131  0.639821  0.333333  3  2.66667 1948.64 0
56   28122     2.0   0.00916541  0.00916541  0.3214  1.57131  0.639821  0.333333  3  2.66667 1948.64 12
56   28122     2.0   0.00916541  0.00916541  0.3214  1.57131  0.639821  0.333333  3  2.66667 1948.64 0
58   29113     2.1   0.00916541  0.00916541  0.3214  1.57131  0.639821  0.333333  3  2.66667 1948.64 88
58   29113     2.1   0.00916541  0.00916541  0.3214  1.57131  0.639821  0.333333  3  2.66667 1948.64 0
58   29127     2.1   0.00916541  0.00916541  0.3214  1.57131  0.639821  0.333333  3  2.66667 1948.64 2
58   29127     2.1   0.00916541  0.00916541  0.3214  1.57131  0.639821  0.333333  3  2.66667 1948.64 0
58   29497     2.1   0.00916541  0.00916541  0.3214  1.57131  0.639821  0.333333  3  2.66667 1948.64 34
58   29497     2.1   0.00916541  0.00916541  0.3214  1.57131  0.639821  0.333333  3  2.66667 1948.64 0
59   29585     2.2   0.00916541  0.00916541  0.3214  1.57131  0.639821  0.333333  3  2.66667 1948.64 10
59   29585     2.2   0.00916541  0.00916541  0.3214  1.57131  0.639821  0.333333  3  2.66667 1948.64 0
59   29858     2.2   0.00916541  0.00916541  0.3214  1.57131  0.639821  0.333333  3  2.66667 1948.64 28
59   29858     2.2   0.00916541  0.00916541  0.3214  1.57131  0.639821  0.333333  3  2.66667 1948.64 0
62   31251    10.0   0.00916541  0.00916541  0.3214  1.57131  0.639821  0.333333  3  2.66667 1948.64 128
62   31251    10.0   0.00916541  0.00916541  0.3214  1.57131  0.639821  0.333333  3  2.66667 1948.64 0
62   31411    10.0   0.00916541  0.00916541  0.3214  1.57131  0.639821  0.333333  3  2.66667 1948.64 18
62   31411    10.0   0.00916541  0.00916541  0.3214  1.57131  0.639821  0.333333  3  2.66667 1948.64 0
65   32998    10.2   0.00916541  0.00916541  0.3214  1.57131  0.639821  0.333333  3  2.66667 1948.64 148
65   32998    10.2   0.00916541  0.00916541  0.3214  1.57131  0.639821  0.333333  3  2.66667 1948.64 0
66   33000    10.2   0.00916541  0.00916541  0.3214  1.57131  0.639821  0.333333  3  2.66667 1948.64 1
66   33357    10.2   0.00916541  0.00916541  0.3214  1.57131  0.639821  0.333333  3  2.66667 1948.64 40
66   33357    10.2   0.00916541  0.00916541  0.3214  1.57131  0.639821  0.333333  3  2.66667 1948.64 0
67   33899    10.2   0.00916541  0.00916541  0.3214  1.57131  0.639821  0.333333  3  2.66667 1948.64 63
67   33899    10.2   0.00916541  0.00916541  0.3214  1.57131  0.639821  0.333333  3  2.66667 1948.64 0
69   34577    10.3   0.00916541  0.00916541  0.3214  1.57131  0.639821  0.333333  3  2.66667 1948.64 73
69   34577    10.3   0.00916541  0.00916541  0.3214  1.57131  0.639821  0.333333  3  2.66667 1948.64 0
69   34852    10.3   0.00916541  0.00916541  0.3214  1.57131  0.639821  0.333333  3  2.66667 1948.64 24
69   34852    10.3   0.00916541  0.00916541  0.3214  1.57131  0.639821  0.333333  3  2.66667 1948.64 0
69   34903    10.3   0.00916541  0.00916541  0.3214  1.57131  0.639821  0.333333  3  2.66667 1948.64 4
69   34903    10.3   0.00916541  0.00916541  0.3214  1.57131  0.639821  0.333333  3  2.66667 1948.64 0
70   35052    10.3   0.00916541  0.00916541  0.3214  1.57131  0.639821  0.333333  3  2.66667 1948.64 22
70   35052    10.3   0.00916541  0.00916541  0.3214  1.57131  0.639821  0.333333  3  2.66667 1948.64 0
72   36185    10.4   0.00916541  0.00916541  0.3214  1.57131  0.639821  0.333333  3  2.66667 1948.64 110
72   36185    10.4   0.00916541  0.00916541  0.3214  1.57131  0.639821  0.333333  3  2.66667 1948.64 0
74   37187    10.5   0.00916541  0.00916541  0.3214  1.57131  0.639821  0.333333  3  2.66667 1948.64 100
74   37187    10.5   0.00916541  0.00916541  0.3214  1.57131  0.639821  0.333333  3  2.66667 1948.64 0
76   38420    10.6   0.00916541  0.00916541  0.3214  1.57131  0.639821  0.333333  3  2.66667 1948.64 131
76   38420    10.6   0.00916541  0.00916541  0.3214  1.57131  0.639821  0.333333  3  2.66667 1948.64 0
77   38511    10.6   0.00916541  0.00916541  0.3214  1.57131  0.639821  0.333333  3  2.66667 1948.64 9
78   39084    10.7   0.00916541  0.00916541  0.3214  1.57131  0.639821  0.333333  3  2.66667 1948.64 63
78   39084    10.7   0.00916541  0.00916541  0.3214  1.57131  0.639821  0.333333  3  2.66667 1948.64 0
83   41855    17.9   0.00916541  0.00916541  0.3214  1.57131  0.639821  0.333333  3  2.66667 1948.64 288
83   41855    17.9   0.00916541  0.00916541  0.3214  1.57131  0.639821  0.333333  3  2.66667 1948.64 0
83   42007    17.9   0.00916541  0.00916541  0.3214  1.57131  0.639821  0.333333  3  2.66667 1948.64 10
83   42007    17.9   0.00916541  0.00916541  0.3214  1.57131  0.639821  0.333333  3  2.66667 1948.64 0
84   42062    17.9   0.00916541  0.00916541  0.3214  1.57131  0.639821  0.333333  3  2.66667 1948.64 3
84   42062    17.9   0.00916541  0.00916541  0.3214  1.57131  0.639821  0.333333  3  2.66667 1948.64 0
84   42471    18.0   0.00916541  0.00916541  0.3214  1.57131  0.639821  0.333333  3  2.66667 1948.64 47
84   42471    18.0   0.00916541  0.00916541  0.3214  1.57131  0.639821  0.333333  3  2.66667 1948.64 0
85   42725    18.0   0.00916541  0.00916541  0.3214  1.57131  0.639821  0.333333  3  2.66667 1948.64 19
85   42725    18.0   0.00916541  0.00916541  0.3214  1.57131  0.639821  0.333333  3  2.66667 1948.64 0
86   43048    18.0   0.00916541  0.00916541  0.3214  1.57131  0.639821  0.333333  3  2.66667 1948.64 36
86   43048    18.0   0.00916541  0.00916541  0.3214  1.57131  0.639821  0.333333  3  2.66667 1948.64 0
88   44001    18.1   0.00916541  0.00916541  0.3214  1.57131  0.639821  0.333333  3  2.66667 1948.64 89
88   44208    18.1   0.00916541  0.00916541  0.3214  1.57131  0.639821  0.333333  3  2.66667 1948.64 105
88   44208    18.1   0.00916541  0.00916541  0.3214  1.57131  0.639821  0.333333  3  2.66667 1948.64 0
89   44707    18.1   0.00916541  0.00916541  0.3214  1.57131  0.639821  0.333333  3  2.66667 1948.64 57
89   44707    18.1   0.00916541  0.00916541  0.3214  1.57131  0.639821  0.333333  3  2.66667 1948.64 0
91   45602    18.2   0.00916541  0.00916541  0.3214  1.57131  0.639821  0.333333  3  2.66667 1948.64 107
91   45602    18.2   0.00916541  0.00916541  0.3214  1.57131  0.639821  0.333333  3  2.66667 1948.64 0
92   46035    18.2   0.00916541  0.00916541  0.3214  1.57131  0.639821  0.333333  3  2.66667 1948.64 40
92   46035    18.2   0.00916541  0.00916541  0.3214  1.57131  0.639821  0.333333  3  2.66667 1948.64 0
94   47365    18.3   0.00916541  0.00916541  0.3214  1.57131  0.639821  0.333333  3  2.66667 1948.64 122
94   47365    18.3   0.00916541  0.00916541  0.3214  1.57131  0.639821  0.333333  3  2.66667 1948.64 0
94   47421    18.3   0.00916541  0.00916541  0.3214  1.57131  0.639821  0.333333  3  2.66667 1948.64 5
94   47421    18.3   0.00916541  0.00916541  0.3214  1.57131  0.639821  0.333333  3  2.66667 1948.64 0
95   47852    18.4   0.00916541  0.00916541  0.3214  1.57131  0.639821  0.333333  3  2.66667 1948.64 40
95   47852    18.4   0.00916541  0.00916541  0.3214  1.57131  0.639821  0.333333  3  2.66667 1948.64 0
99   49504    18.5   0.00916541  0.00916541  0.3214  1.57131  0.639821  0.333333  3  2.66667 1948.64 174
99   50000    18.5   0.00916541  0.00916541  0.3214  1.57131  0.639821  0.333333  3  2.66667 1948.64 218
EndUpdateLog

Done
